
════════════════════════════════════════════════════════════════
  Analysis Report - 2025-12-31 11:49:28
════════════════════════════════════════════════════════════════

  CPU Usage:       50.0%  [OK]
  RAM Usage:       60.0%  [OK]
  Disk Usage:      75.0%  [OK]
  Network:            0 pkt/s  [OK]

  Summary: 0 alert(s) - 0 warning(s), 0 critical(s)
════════════════════════════════════════════════════════════════

════════════════════════════════════════════════════════════════
  Analysis Report - 2025-12-31 11:49:31
════════════════════════════════════════════════════════════════

  CPU Usage:       50.0%  [OK]
  RAM Usage:       60.0%  [OK]
  Disk Usage:      75.0%  [OK]
  Network:            0 pkt/s  [OK]

  Summary: 0 alert(s) - 0 warning(s), 0 critical(s)
════════════════════════════════════════════════════════════════

════════════════════════════════════════════════════════════════
  Analysis Report - 2025-12-31 11:49:33
════════════════════════════════════════════════════════════════

  CPU Usage:       50.0%  [OK]
  RAM Usage:       60.0%  [OK]
  Disk Usage:      75.0%  [OK]
  Network:            0 pkt/s  [OK]

  Summary: 0 alert(s) - 0 warning(s), 0 critical(s)
════════════════════════════════════════════════════════════════

════════════════════════════════════════════════════════════════
  Analysis Report - 2025-12-31 11:49:35
════════════════════════════════════════════════════════════════

  CPU Usage:       50.0%  [OK]
  RAM Usage:       60.0%  [OK]
  Disk Usage:      75.0%  [OK]
  Network:            0 pkt/s  [OK]

  Summary: 0 alert(s) - 0 warning(s), 0 critical(s)
════════════════════════════════════════════════════════════════

════════════════════════════════════════════════════════════════
  Analysis Report - 2025-12-31 11:49:37
════════════════════════════════════════════════════════════════

  CPU Usage:       50.0%  [OK]
  RAM Usage:       60.0%  [OK]
  Disk Usage:      75.0%  [OK]
  Network:            0 pkt/s  [OK]

  Summary: 0 alert(s) - 0 warning(s), 0 critical(s)
════════════════════════════════════════════════════════════════

════════════════════════════════════════════════════════════════
  Analysis Report - 2025-12-31 11:49:38
════════════════════════════════════════════════════════════════

  CPU Usage:       50.0%  [OK]
  RAM Usage:       60.0%  [OK]
  Disk Usage:      75.0%  [OK]
  Network:            0 pkt/s  [OK]

  Summary: 0 alert(s) - 0 warning(s), 0 critical(s)
════════════════════════════════════════════════════════════════

════════════════════════════════════════════════════════════════
  Analysis Report - 2025-12-31 11:49:39
════════════════════════════════════════════════════════════════

  CPU Usage:       50.0%  [OK]
  RAM Usage:       60.0%  [OK]
  Disk Usage:      75.0%  [OK]
  Network:            0 pkt/s  [OK]

  Summary: 0 alert(s) - 0 warning(s), 0 critical(s)
════════════════════════════════════════════════════════════════

════════════════════════════════════════════════════════════════
  Analysis Report - 2025-12-31 11:49:40
════════════════════════════════════════════════════════════════

  CPU Usage:       50.0%  [OK]
  RAM Usage:       60.0%  [OK]
  Disk Usage:      75.0%  [OK]
  Network:            0 pkt/s  [OK]

  Summary: 0 alert(s) - 0 warning(s), 0 critical(s)
════════════════════════════════════════════════════════════════

════════════════════════════════════════════════════════════════
  Analysis Report - 2025-12-31 11:49:41
════════════════════════════════════════════════════════════════

  CPU Usage:       50.0%  [OK]
  RAM Usage:       60.0%  [OK]
  Disk Usage:      75.0%  [OK]
  Network:            0 pkt/s  [OK]

  Summary: 0 alert(s) - 0 warning(s), 0 critical(s)
════════════════════════════════════════════════════════════════

════════════════════════════════════════════════════════════════
  Analysis Report - 2025-12-31 11:49:42
════════════════════════════════════════════════════════════════

  CPU Usage:       50.0%  [OK]
  RAM Usage:       60.0%  [OK]
  Disk Usage:      75.0%  [OK]
  Network:            0 pkt/s  [OK]

  Summary: 0 alert(s) - 0 warning(s), 0 critical(s)
════════════════════════════════════════════════════════════════

════════════════════════════════════════════════════════════════
  Analysis Report - 2025-12-31 11:49:43
════════════════════════════════════════════════════════════════

  CPU Usage:       50.0%  [OK]
  RAM Usage:       60.0%  [OK]
  Disk Usage:      75.0%  [OK]
  Network:            0 pkt/s  [OK]

  Summary: 0 alert(s) - 0 warning(s), 0 critical(s)
════════════════════════════════════════════════════════════════

════════════════════════════════════════════════════════════════
  Analysis Report - 2025-12-31 11:49:44
════════════════════════════════════════════════════════════════

  CPU Usage:       50.0%  [OK]
  RAM Usage:       60.0%  [OK]
  Disk Usage:      75.0%  [OK]
  Network:            0 pkt/s  [OK]

  Summary: 0 alert(s) - 0 warning(s), 0 critical(s)
════════════════════════════════════════════════════════════════

════════════════════════════════════════════════════════════════
  Analysis Report - 2025-12-31 11:49:45
════════════════════════════════════════════════════════════════

  CPU Usage:       50.0%  [OK]
  RAM Usage:       60.0%  [OK]
  Disk Usage:      75.0%  [OK]
  Network:            0 pkt/s  [OK]

  Summary: 0 alert(s) - 0 warning(s), 0 critical(s)
════════════════════════════════════════════════════════════════

════════════════════════════════════════════════════════════════
  Analysis Report - 2025-12-31 11:49:47
════════════════════════════════════════════════════════════════

  CPU Usage:       50.0%  [OK]
  RAM Usage:       60.0%  [OK]
  Disk Usage:      75.0%  [OK]
  Network:            0 pkt/s  [OK]

  Summary: 0 alert(s) - 0 warning(s), 0 critical(s)
════════════════════════════════════════════════════════════════

════════════════════════════════════════════════════════════════
  Analysis Report - 2025-12-31 11:49:49
════════════════════════════════════════════════════════════════

  CPU Usage:       50.0%  [OK]
  RAM Usage:       60.0%  [OK]
  Disk Usage:      75.0%  [OK]
  Network:            0 pkt/s  [OK]

  Summary: 0 alert(s) - 0 warning(s), 0 critical(s)
════════════════════════════════════════════════════════════════

════════════════════════════════════════════════════════════════
  Analysis Report - 2025-12-31 11:49:51
════════════════════════════════════════════════════════════════

  CPU Usage:       50.0%  [OK]
  RAM Usage:       60.0%  [OK]
  Disk Usage:      75.0%  [OK]
  Network:            0 pkt/s  [OK]

  Summary: 0 alert(s) - 0 warning(s), 0 critical(s)
════════════════════════════════════════════════════════════════

════════════════════════════════════════════════════════════════
  Analysis Report - 2025-12-31 11:49:53
════════════════════════════════════════════════════════════════

  CPU Usage:       50.0%  [OK]
  RAM Usage:       60.0%  [OK]
  Disk Usage:      75.0%  [OK]
  Network:            0 pkt/s  [OK]

  Summary: 0 alert(s) - 0 warning(s), 0 critical(s)
════════════════════════════════════════════════════════════════

════════════════════════════════════════════════════════════════
  Analysis Report - 2025-12-31 11:49:55
════════════════════════════════════════════════════════════════

  CPU Usage:       50.0%  [OK]
  RAM Usage:       60.0%  [OK]
  Disk Usage:      75.0%  [OK]
  Network:            0 pkt/s  [OK]

  Summary: 0 alert(s) - 0 warning(s), 0 critical(s)
════════════════════════════════════════════════════════════════

════════════════════════════════════════════════════════════════
  Analysis Report - 2025-12-31 11:49:57
════════════════════════════════════════════════════════════════

  CPU Usage:       50.0%  [OK]
  RAM Usage:       60.0%  [OK]
  Disk Usage:      75.0%  [OK]
  Network:            0 pkt/s  [OK]

  Summary: 0 alert(s) - 0 warning(s), 0 critical(s)
════════════════════════════════════════════════════════════════

════════════════════════════════════════════════════════════════
  Analysis Report - 2025-12-31 11:49:59
════════════════════════════════════════════════════════════════

  CPU Usage:       50.0%  [OK]
  RAM Usage:       60.0%  [OK]
  Disk Usage:      75.0%  [OK]
  Network:            0 pkt/s  [OK]

  Summary: 0 alert(s) - 0 warning(s), 0 critical(s)
════════════════════════════════════════════════════════════════

════════════════════════════════════════════════════════════════
  Analysis Report - 2025-12-31 11:50:01
════════════════════════════════════════════════════════════════

  CPU Usage:       50.0%  [OK]
  RAM Usage:       60.0%  [OK]
  Disk Usage:      75.0%  [OK]
  Network:            0 pkt/s  [OK]

  Summary: 0 alert(s) - 0 warning(s), 0 critical(s)
════════════════════════════════════════════════════════════════

════════════════════════════════════════════════════════════════
  Analysis Report - 2025-12-31 11:50:03
════════════════════════════════════════════════════════════════

  CPU Usage:       50.0%  [OK]
  RAM Usage:       60.0%  [OK]
  Disk Usage:      75.0%  [OK]
  Network:            0 pkt/s  [OK]

  Summary: 0 alert(s) - 0 warning(s), 0 critical(s)
════════════════════════════════════════════════════════════════

════════════════════════════════════════════════════════════════
  Analysis Report - 2025-12-31 11:50:05
════════════════════════════════════════════════════════════════

  CPU Usage:       50.0%  [OK]
  RAM Usage:       60.0%  [OK]
  Disk Usage:      75.0%  [OK]
  Network:            0 pkt/s  [OK]

  Summary: 0 alert(s) - 0 warning(s), 0 critical(s)
════════════════════════════════════════════════════════════════

════════════════════════════════════════════════════════════════
  Analysis Report - 2025-12-31 11:50:07
════════════════════════════════════════════════════════════════

  CPU Usage:       50.0%  [OK]
  RAM Usage:       60.0%  [OK]
  Disk Usage:      75.0%  [OK]
  Network:            0 pkt/s  [OK]

  Summary: 0 alert(s) - 0 warning(s), 0 critical(s)
════════════════════════════════════════════════════════════════

════════════════════════════════════════════════════════════════
  Analysis Report - 2025-12-31 11:50:09
════════════════════════════════════════════════════════════════

  CPU Usage:       50.0%  [OK]
  RAM Usage:       60.0%  [OK]
  Disk Usage:      75.0%  [OK]
  Network:            0 pkt/s  [OK]

  Summary: 0 alert(s) - 0 warning(s), 0 critical(s)
════════════════════════════════════════════════════════════════

════════════════════════════════════════════════════════════════
  Analysis Report - 2025-12-31 11:50:11
════════════════════════════════════════════════════════════════

  CPU Usage:       50.0%  [OK]
  RAM Usage:       60.0%  [OK]
  Disk Usage:      75.0%  [OK]
  Network:            0 pkt/s  [OK]

  Summary: 0 alert(s) - 0 warning(s), 0 critical(s)
════════════════════════════════════════════════════════════════

════════════════════════════════════════════════════════════════
  Analysis Report - 2025-12-31 11:50:13
════════════════════════════════════════════════════════════════

  CPU Usage:       50.0%  [OK]
  RAM Usage:       60.0%  [OK]
  Disk Usage:      75.0%  [OK]
  Network:            0 pkt/s  [OK]

  Summary: 0 alert(s) - 0 warning(s), 0 critical(s)
════════════════════════════════════════════════════════════════

════════════════════════════════════════════════════════════════
  Analysis Report - 2025-12-31 11:50:15
════════════════════════════════════════════════════════════════

  CPU Usage:       50.0%  [OK]
  RAM Usage:       60.0%  [OK]
  Disk Usage:      75.0%  [OK]
  Network:            0 pkt/s  [OK]

  Summary: 0 alert(s) - 0 warning(s), 0 critical(s)
════════════════════════════════════════════════════════════════

════════════════════════════════════════════════════════════════
  Analysis Report - 2025-12-31 11:50:17
════════════════════════════════════════════════════════════════

  CPU Usage:       50.0%  [OK]
  RAM Usage:       60.0%  [OK]
  Disk Usage:      75.0%  [OK]
  Network:            0 pkt/s  [OK]

  Summary: 0 alert(s) - 0 warning(s), 0 critical(s)
════════════════════════════════════════════════════════════════

════════════════════════════════════════════════════════════════
  Analysis Report - 2025-12-31 11:50:19
════════════════════════════════════════════════════════════════

  CPU Usage:       50.0%  [OK]
  RAM Usage:       60.0%  [OK]
  Disk Usage:      75.0%  [OK]
  Network:            0 pkt/s  [OK]

  Summary: 0 alert(s) - 0 warning(s), 0 critical(s)
════════════════════════════════════════════════════════════════

════════════════════════════════════════════════════════════════
  Analysis Report - 2025-12-31 11:50:21
════════════════════════════════════════════════════════════════

  CPU Usage:       50.0%  [OK]
  RAM Usage:       60.0%  [OK]
  Disk Usage:      75.0%  [OK]
  Network:            0 pkt/s  [OK]

  Summary: 0 alert(s) - 0 warning(s), 0 critical(s)
════════════════════════════════════════════════════════════════

════════════════════════════════════════════════════════════════
  Analysis Report - 2025-12-31 11:50:23
════════════════════════════════════════════════════════════════

  CPU Usage:       50.0%  [OK]
  RAM Usage:       60.0%  [OK]
  Disk Usage:      75.0%  [OK]
  Network:            0 pkt/s  [OK]

  Summary: 0 alert(s) - 0 warning(s), 0 critical(s)
════════════════════════════════════════════════════════════════

════════════════════════════════════════════════════════════════
  Analysis Report - 2025-12-31 11:50:25
════════════════════════════════════════════════════════════════

  CPU Usage:       50.0%  [OK]
  RAM Usage:       60.0%  [OK]
  Disk Usage:      75.0%  [OK]
  Network:            0 pkt/s  [OK]

  Summary: 0 alert(s) - 0 warning(s), 0 critical(s)
════════════════════════════════════════════════════════════════

════════════════════════════════════════════════════════════════
  Analysis Report - 2025-12-31 11:50:27
════════════════════════════════════════════════════════════════

  CPU Usage:       50.0%  [OK]
  RAM Usage:       60.0%  [OK]
  Disk Usage:      75.0%  [OK]
  Network:            0 pkt/s  [OK]

  Summary: 0 alert(s) - 0 warning(s), 0 critical(s)
════════════════════════════════════════════════════════════════

════════════════════════════════════════════════════════════════
  Analysis Report - 2025-12-31 11:50:29
════════════════════════════════════════════════════════════════

  CPU Usage:       50.0%  [OK]
  RAM Usage:       60.0%  [OK]
  Disk Usage:      75.0%  [OK]
  Network:            0 pkt/s  [OK]

  Summary: 0 alert(s) - 0 warning(s), 0 critical(s)
════════════════════════════════════════════════════════════════

════════════════════════════════════════════════════════════════
  Analysis Report - 2025-12-31 11:50:31
════════════════════════════════════════════════════════════════

  CPU Usage:       50.0%  [OK]
  RAM Usage:       60.0%  [OK]
  Disk Usage:      75.0%  [OK]
  Network:            0 pkt/s  [OK]

  Summary: 0 alert(s) - 0 warning(s), 0 critical(s)
════════════════════════════════════════════════════════════════

════════════════════════════════════════════════════════════════
  Analysis Report - 2025-12-31 11:50:33
════════════════════════════════════════════════════════════════

  CPU Usage:       50.0%  [OK]
  RAM Usage:       60.0%  [OK]
  Disk Usage:      75.0%  [OK]
  Network:            0 pkt/s  [OK]

  Summary: 0 alert(s) - 0 warning(s), 0 critical(s)
════════════════════════════════════════════════════════════════

════════════════════════════════════════════════════════════════
  Analysis Report - 2025-12-31 11:50:35
════════════════════════════════════════════════════════════════

  CPU Usage:       50.0%  [OK]
  RAM Usage:       60.0%  [OK]
  Disk Usage:      75.0%  [OK]
  Network:            0 pkt/s  [OK]

  Summary: 0 alert(s) - 0 warning(s), 0 critical(s)
════════════════════════════════════════════════════════════════

════════════════════════════════════════════════════════════════
  Analysis Report - 2025-12-31 11:50:38
════════════════════════════════════════════════════════════════

  CPU Usage:       50.0%  [OK]
  RAM Usage:       60.0%  [OK]
  Disk Usage:      75.0%  [OK]
  Network:            0 pkt/s  [OK]

  Summary: 0 alert(s) - 0 warning(s), 0 critical(s)
════════════════════════════════════════════════════════════════

════════════════════════════════════════════════════════════════
  Analysis Report - 2025-12-31 11:50:40
════════════════════════════════════════════════════════════════

  CPU Usage:       50.0%  [OK]
  RAM Usage:       60.0%  [OK]
  Disk Usage:      75.0%  [OK]
  Network:            0 pkt/s  [OK]

  Summary: 0 alert(s) - 0 warning(s), 0 critical(s)
════════════════════════════════════════════════════════════════

════════════════════════════════════════════════════════════════
  Analysis Report - 2025-12-31 11:50:42
════════════════════════════════════════════════════════════════

  CPU Usage:       50.0%  [OK]
  RAM Usage:       60.0%  [OK]
  Disk Usage:      75.0%  [OK]
  Network:            0 pkt/s  [OK]

  Summary: 0 alert(s) - 0 warning(s), 0 critical(s)
════════════════════════════════════════════════════════════════

════════════════════════════════════════════════════════════════
  Analysis Report - 2025-12-31 11:50:44
════════════════════════════════════════════════════════════════

  CPU Usage:       50.0%  [OK]
  RAM Usage:       60.0%  [OK]
  Disk Usage:      75.0%  [OK]
  Network:            0 pkt/s  [OK]

  Summary: 0 alert(s) - 0 warning(s), 0 critical(s)
════════════════════════════════════════════════════════════════

════════════════════════════════════════════════════════════════
  Analysis Report - 2025-12-31 11:50:48
════════════════════════════════════════════════════════════════

  CPU Usage:       50.0%  [OK]
  RAM Usage:       60.0%  [OK]
  Disk Usage:      75.0%  [OK]
  Network:            0 pkt/s  [OK]

  Summary: 0 alert(s) - 0 warning(s), 0 critical(s)
════════════════════════════════════════════════════════════════

════════════════════════════════════════════════════════════════
  Analysis Report - 2025-12-31 11:50:50
════════════════════════════════════════════════════════════════

  CPU Usage:       50.0%  [OK]
  RAM Usage:       60.0%  [OK]
  Disk Usage:      75.0%  [OK]
  Network:            0 pkt/s  [OK]

  Summary: 0 alert(s) - 0 warning(s), 0 critical(s)
════════════════════════════════════════════════════════════════

════════════════════════════════════════════════════════════════
  Analysis Report - 2025-12-31 11:50:52
════════════════════════════════════════════════════════════════

  CPU Usage:       50.0%  [OK]
  RAM Usage:       60.0%  [OK]
  Disk Usage:      75.0%  [OK]
  Network:            0 pkt/s  [OK]

  Summary: 0 alert(s) - 0 warning(s), 0 critical(s)
════════════════════════════════════════════════════════════════

════════════════════════════════════════════════════════════════
  Analysis Report - 2025-12-31 11:50:54
════════════════════════════════════════════════════════════════

  CPU Usage:       50.0%  [OK]
  RAM Usage:       60.0%  [OK]
  Disk Usage:      75.0%  [OK]
  Network:            0 pkt/s  [OK]

  Summary: 0 alert(s) - 0 warning(s), 0 critical(s)
════════════════════════════════════════════════════════════════

════════════════════════════════════════════════════════════════
  Analysis Report - 2025-12-31 11:50:57
════════════════════════════════════════════════════════════════

  CPU Usage:       50.0%  [OK]
  RAM Usage:       60.0%  [OK]
  Disk Usage:      75.0%  [OK]
  Network:            0 pkt/s  [OK]

  Summary: 0 alert(s) - 0 warning(s), 0 critical(s)
════════════════════════════════════════════════════════════════

════════════════════════════════════════════════════════════════
  Analysis Report - 2025-12-31 11:50:59
════════════════════════════════════════════════════════════════

  CPU Usage:       50.0%  [OK]
  RAM Usage:       60.0%  [OK]
  Disk Usage:      75.0%  [OK]
  Network:            0 pkt/s  [OK]

  Summary: 0 alert(s) - 0 warning(s), 0 critical(s)
════════════════════════════════════════════════════════════════

════════════════════════════════════════════════════════════════
  Analysis Report - 2025-12-31 11:51:01
════════════════════════════════════════════════════════════════

  CPU Usage:       50.0%  [OK]
  RAM Usage:       60.0%  [OK]
  Disk Usage:      75.0%  [OK]
  Network:            0 pkt/s  [OK]

  Summary: 0 alert(s) - 0 warning(s), 0 critical(s)
════════════════════════════════════════════════════════════════

════════════════════════════════════════════════════════════════
  Analysis Report - 2025-12-31 11:51:03
════════════════════════════════════════════════════════════════

  CPU Usage:       50.0%  [OK]
  RAM Usage:       60.0%  [OK]
  Disk Usage:      75.0%  [OK]
  Network:            0 pkt/s  [OK]

  Summary: 0 alert(s) - 0 warning(s), 0 critical(s)
════════════════════════════════════════════════════════════════

════════════════════════════════════════════════════════════════
  Analysis Report - 2025-12-31 11:51:05
════════════════════════════════════════════════════════════════

  CPU Usage:       50.0%  [OK]
  RAM Usage:       60.0%  [OK]
  Disk Usage:      75.0%  [OK]
  Network:            0 pkt/s  [OK]

  Summary: 0 alert(s) - 0 warning(s), 0 critical(s)
════════════════════════════════════════════════════════════════

════════════════════════════════════════════════════════════════
  Analysis Report - 2025-12-31 11:51:07
════════════════════════════════════════════════════════════════

  CPU Usage:       50.0%  [OK]
  RAM Usage:       60.0%  [OK]
  Disk Usage:      75.0%  [OK]
  Network:            0 pkt/s  [OK]

  Summary: 0 alert(s) - 0 warning(s), 0 critical(s)
════════════════════════════════════════════════════════════════

════════════════════════════════════════════════════════════════
  Analysis Report - 2025-12-31 11:51:09
════════════════════════════════════════════════════════════════

  CPU Usage:       50.0%  [OK]
  RAM Usage:       60.0%  [OK]
  Disk Usage:      75.0%  [OK]
  Network:            0 pkt/s  [OK]

  Summary: 0 alert(s) - 0 warning(s), 0 critical(s)
════════════════════════════════════════════════════════════════

════════════════════════════════════════════════════════════════
  Analysis Report - 2025-12-31 11:51:12
════════════════════════════════════════════════════════════════

  CPU Usage:       50.0%  [OK]
  RAM Usage:       60.0%  [OK]
  Disk Usage:      75.0%  [OK]
  Network:            0 pkt/s  [OK]

  Summary: 0 alert(s) - 0 warning(s), 0 critical(s)
════════════════════════════════════════════════════════════════

════════════════════════════════════════════════════════════════
  Analysis Report - 2025-12-31 11:51:14
════════════════════════════════════════════════════════════════

  CPU Usage:       50.0%  [OK]
  RAM Usage:       60.0%  [OK]
  Disk Usage:      75.0%  [OK]
  Network:            0 pkt/s  [OK]

  Summary: 0 alert(s) - 0 warning(s), 0 critical(s)
════════════════════════════════════════════════════════════════

════════════════════════════════════════════════════════════════
  Analysis Report - 2025-12-31 11:51:17
════════════════════════════════════════════════════════════════

  CPU Usage:       50.0%  [OK]
  RAM Usage:       60.0%  [OK]
  Disk Usage:      75.0%  [OK]
  Network:            0 pkt/s  [OK]

  Summary: 0 alert(s) - 0 warning(s), 0 critical(s)
════════════════════════════════════════════════════════════════

════════════════════════════════════════════════════════════════
  Analysis Report - 2025-12-31 11:51:19
════════════════════════════════════════════════════════════════

  CPU Usage:       50.0%  [OK]
  RAM Usage:       60.0%  [OK]
  Disk Usage:      75.0%  [OK]
  Network:            0 pkt/s  [OK]

  Summary: 0 alert(s) - 0 warning(s), 0 critical(s)
════════════════════════════════════════════════════════════════

════════════════════════════════════════════════════════════════
  Analysis Report - 2025-12-31 11:51:21
════════════════════════════════════════════════════════════════

  CPU Usage:       50.0%  [OK]
  RAM Usage:       60.0%  [OK]
  Disk Usage:      75.0%  [OK]
  Network:            0 pkt/s  [OK]

  Summary: 0 alert(s) - 0 warning(s), 0 critical(s)
════════════════════════════════════════════════════════════════

════════════════════════════════════════════════════════════════
  Analysis Report - 2025-12-31 11:51:23
════════════════════════════════════════════════════════════════

  CPU Usage:       50.0%  [OK]
  RAM Usage:       60.0%  [OK]
  Disk Usage:      75.0%  [OK]
  Network:            0 pkt/s  [OK]

  Summary: 0 alert(s) - 0 warning(s), 0 critical(s)
════════════════════════════════════════════════════════════════

════════════════════════════════════════════════════════════════
  Analysis Report - 2025-12-31 11:51:25
════════════════════════════════════════════════════════════════

  CPU Usage:       50.0%  [OK]
  RAM Usage:       60.0%  [OK]
  Disk Usage:      75.0%  [OK]
  Network:            0 pkt/s  [OK]

  Summary: 0 alert(s) - 0 warning(s), 0 critical(s)
════════════════════════════════════════════════════════════════

════════════════════════════════════════════════════════════════
  Analysis Report - 2025-12-31 11:51:26
════════════════════════════════════════════════════════════════

  CPU Usage:       50.0%  [OK]
  RAM Usage:       60.0%  [OK]
  Disk Usage:      75.0%  [OK]
  Network:            0 pkt/s  [OK]

  Summary: 0 alert(s) - 0 warning(s), 0 critical(s)
════════════════════════════════════════════════════════════════

════════════════════════════════════════════════════════════════
  Analysis Report - 2025-12-31 11:51:27
════════════════════════════════════════════════════════════════

  CPU Usage:       50.0%  [OK]
  RAM Usage:       60.0%  [OK]
  Disk Usage:      75.0%  [OK]
  Network:            0 pkt/s  [OK]

  Summary: 0 alert(s) - 0 warning(s), 0 critical(s)
════════════════════════════════════════════════════════════════

════════════════════════════════════════════════════════════════
  Analysis Report - 2025-12-31 11:51:28
════════════════════════════════════════════════════════════════

  CPU Usage:       50.0%  [OK]
  RAM Usage:       60.0%  [OK]
  Disk Usage:      75.0%  [OK]
  Network:            0 pkt/s  [OK]

  Summary: 0 alert(s) - 0 warning(s), 0 critical(s)
════════════════════════════════════════════════════════════════

════════════════════════════════════════════════════════════════
  Analysis Report - 2025-12-31 11:51:29
════════════════════════════════════════════════════════════════

  CPU Usage:       50.0%  [OK]
  RAM Usage:       60.0%  [OK]
  Disk Usage:      75.0%  [OK]
  Network:            0 pkt/s  [OK]

  Summary: 0 alert(s) - 0 warning(s), 0 critical(s)
════════════════════════════════════════════════════════════════

════════════════════════════════════════════════════════════════
  Analysis Report - 2025-12-31 11:51:30
════════════════════════════════════════════════════════════════

  CPU Usage:       50.0%  [OK]
  RAM Usage:       60.0%  [OK]
  Disk Usage:      75.0%  [OK]
  Network:            0 pkt/s  [OK]

  Summary: 0 alert(s) - 0 warning(s), 0 critical(s)
════════════════════════════════════════════════════════════════

════════════════════════════════════════════════════════════════
  Analysis Report - 2025-12-31 11:51:31
════════════════════════════════════════════════════════════════

  CPU Usage:       50.0%  [OK]
  RAM Usage:       60.0%  [OK]
  Disk Usage:      75.0%  [OK]
  Network:            0 pkt/s  [OK]

  Summary: 0 alert(s) - 0 warning(s), 0 critical(s)
════════════════════════════════════════════════════════════════

════════════════════════════════════════════════════════════════
  Analysis Report - 2025-12-31 11:51:32
════════════════════════════════════════════════════════════════

  CPU Usage:       50.0%  [OK]
  RAM Usage:       60.0%  [OK]
  Disk Usage:      75.0%  [OK]
  Network:            0 pkt/s  [OK]

  Summary: 0 alert(s) - 0 warning(s), 0 critical(s)
════════════════════════════════════════════════════════════════

════════════════════════════════════════════════════════════════
  Analysis Report - 2025-12-31 11:51:33
════════════════════════════════════════════════════════════════

  CPU Usage:       50.0%  [OK]
  RAM Usage:       60.0%  [OK]
  Disk Usage:      75.0%  [OK]
  Network:            0 pkt/s  [OK]

  Summary: 0 alert(s) - 0 warning(s), 0 critical(s)
════════════════════════════════════════════════════════════════

════════════════════════════════════════════════════════════════
  Analysis Report - 2025-12-31 11:51:34
════════════════════════════════════════════════════════════════

  CPU Usage:       50.0%  [OK]
  RAM Usage:       60.0%  [OK]
  Disk Usage:      75.0%  [OK]
  Network:            0 pkt/s  [OK]

  Summary: 0 alert(s) - 0 warning(s), 0 critical(s)
════════════════════════════════════════════════════════════════

════════════════════════════════════════════════════════════════
  Analysis Report - 2025-12-31 11:51:36
════════════════════════════════════════════════════════════════

  CPU Usage:       50.0%  [OK]
  RAM Usage:       60.0%  [OK]
  Disk Usage:      75.0%  [OK]
  Network:            0 pkt/s  [OK]

  Summary: 0 alert(s) - 0 warning(s), 0 critical(s)
════════════════════════════════════════════════════════════════

════════════════════════════════════════════════════════════════
  Analysis Report - 2025-12-31 11:51:37
════════════════════════════════════════════════════════════════

  CPU Usage:       50.0%  [OK]
  RAM Usage:       60.0%  [OK]
  Disk Usage:      75.0%  [OK]
  Network:            0 pkt/s  [OK]

  Summary: 0 alert(s) - 0 warning(s), 0 critical(s)
════════════════════════════════════════════════════════════════

════════════════════════════════════════════════════════════════
  Analysis Report - 2025-12-31 11:51:38
════════════════════════════════════════════════════════════════

  CPU Usage:       50.0%  [OK]
  RAM Usage:       60.0%  [OK]
  Disk Usage:      75.0%  [OK]
  Network:            0 pkt/s  [OK]

  Summary: 0 alert(s) - 0 warning(s), 0 critical(s)
════════════════════════════════════════════════════════════════

════════════════════════════════════════════════════════════════
  Analysis Report - 2025-12-31 11:51:39
════════════════════════════════════════════════════════════════

  CPU Usage:       50.0%  [OK]
  RAM Usage:       60.0%  [OK]
  Disk Usage:      75.0%  [OK]
  Network:            0 pkt/s  [OK]

  Summary: 0 alert(s) - 0 warning(s), 0 critical(s)
════════════════════════════════════════════════════════════════

════════════════════════════════════════════════════════════════
  Analysis Report - 2025-12-31 11:51:40
════════════════════════════════════════════════════════════════

  CPU Usage:       50.0%  [OK]
  RAM Usage:       60.0%  [OK]
  Disk Usage:      75.0%  [OK]
  Network:            0 pkt/s  [OK]

  Summary: 0 alert(s) - 0 warning(s), 0 critical(s)
════════════════════════════════════════════════════════════════

════════════════════════════════════════════════════════════════
  Analysis Report - 2025-12-31 11:51:41
════════════════════════════════════════════════════════════════

  CPU Usage:       50.0%  [OK]
  RAM Usage:       60.0%  [OK]
  Disk Usage:      75.0%  [OK]
  Network:            0 pkt/s  [OK]

  Summary: 0 alert(s) - 0 warning(s), 0 critical(s)
════════════════════════════════════════════════════════════════

════════════════════════════════════════════════════════════════
  Analysis Report - 2025-12-31 11:51:42
════════════════════════════════════════════════════════════════

  CPU Usage:       50.0%  [OK]
  RAM Usage:       60.0%  [OK]
  Disk Usage:      75.0%  [OK]
  Network:            0 pkt/s  [OK]

  Summary: 0 alert(s) - 0 warning(s), 0 critical(s)
════════════════════════════════════════════════════════════════

════════════════════════════════════════════════════════════════
  Analysis Report - 2025-12-31 11:51:44
════════════════════════════════════════════════════════════════

  CPU Usage:       50.0%  [OK]
  RAM Usage:       60.0%  [OK]
  Disk Usage:      75.0%  [OK]
  Network:            0 pkt/s  [OK]

  Summary: 0 alert(s) - 0 warning(s), 0 critical(s)
════════════════════════════════════════════════════════════════

════════════════════════════════════════════════════════════════
  Analysis Report - 2025-12-31 11:51:46
════════════════════════════════════════════════════════════════

  CPU Usage:       50.0%  [OK]
  RAM Usage:       60.0%  [OK]
  Disk Usage:      75.0%  [OK]
  Network:            0 pkt/s  [OK]

  Summary: 0 alert(s) - 0 warning(s), 0 critical(s)
════════════════════════════════════════════════════════════════

════════════════════════════════════════════════════════════════
  Analysis Report - 2025-12-31 11:51:48
════════════════════════════════════════════════════════════════

  CPU Usage:       50.0%  [OK]
  RAM Usage:       60.0%  [OK]
  Disk Usage:      75.0%  [OK]
  Network:            0 pkt/s  [OK]

  Summary: 0 alert(s) - 0 warning(s), 0 critical(s)
════════════════════════════════════════════════════════════════

════════════════════════════════════════════════════════════════
  Analysis Report - 2025-12-31 11:51:50
════════════════════════════════════════════════════════════════

  CPU Usage:       50.0%  [OK]
  RAM Usage:       60.0%  [OK]
  Disk Usage:      75.0%  [OK]
  Network:            0 pkt/s  [OK]

  Summary: 0 alert(s) - 0 warning(s), 0 critical(s)
════════════════════════════════════════════════════════════════

════════════════════════════════════════════════════════════════
  Analysis Report - 2025-12-31 11:51:52
════════════════════════════════════════════════════════════════

  CPU Usage:       50.0%  [OK]
  RAM Usage:       60.0%  [OK]
  Disk Usage:      75.0%  [OK]
  Network:            0 pkt/s  [OK]

  Summary: 0 alert(s) - 0 warning(s), 0 critical(s)
════════════════════════════════════════════════════════════════

════════════════════════════════════════════════════════════════
  Analysis Report - 2025-12-31 11:51:54
════════════════════════════════════════════════════════════════

  CPU Usage:       50.0%  [OK]
  RAM Usage:       60.0%  [OK]
  Disk Usage:      75.0%  [OK]
  Network:            0 pkt/s  [OK]

  Summary: 0 alert(s) - 0 warning(s), 0 critical(s)
════════════════════════════════════════════════════════════════

════════════════════════════════════════════════════════════════
  Analysis Report - 2025-12-31 11:51:56
════════════════════════════════════════════════════════════════

  CPU Usage:       50.0%  [OK]
  RAM Usage:       60.0%  [OK]
  Disk Usage:      75.0%  [OK]
  Network:            0 pkt/s  [OK]

  Summary: 0 alert(s) - 0 warning(s), 0 critical(s)
════════════════════════════════════════════════════════════════

════════════════════════════════════════════════════════════════
  Analysis Report - 2025-12-31 11:51:58
════════════════════════════════════════════════════════════════

  CPU Usage:       50.0%  [OK]
  RAM Usage:       60.0%  [OK]
  Disk Usage:      75.0%  [OK]
  Network:            0 pkt/s  [OK]

  Summary: 0 alert(s) - 0 warning(s), 0 critical(s)
════════════════════════════════════════════════════════════════

════════════════════════════════════════════════════════════════
  Analysis Report - 2025-12-31 11:52:00
════════════════════════════════════════════════════════════════

  CPU Usage:       50.0%  [OK]
  RAM Usage:       60.0%  [OK]
  Disk Usage:      75.0%  [OK]
  Network:            0 pkt/s  [OK]

  Summary: 0 alert(s) - 0 warning(s), 0 critical(s)
════════════════════════════════════════════════════════════════

════════════════════════════════════════════════════════════════
  Analysis Report - 2025-12-31 11:52:02
════════════════════════════════════════════════════════════════

  CPU Usage:       50.0%  [OK]
  RAM Usage:       60.0%  [OK]
  Disk Usage:      75.0%  [OK]
  Network:            0 pkt/s  [OK]

  Summary: 0 alert(s) - 0 warning(s), 0 critical(s)
════════════════════════════════════════════════════════════════

════════════════════════════════════════════════════════════════
  Analysis Report - 2025-12-31 11:52:04
════════════════════════════════════════════════════════════════

  CPU Usage:       50.0%  [OK]
  RAM Usage:       60.0%  [OK]
  Disk Usage:      75.0%  [OK]
  Network:            0 pkt/s  [OK]

  Summary: 0 alert(s) - 0 warning(s), 0 critical(s)
════════════════════════════════════════════════════════════════

════════════════════════════════════════════════════════════════
  Analysis Report - 2025-12-31 11:52:05
════════════════════════════════════════════════════════════════

  CPU Usage:       50.0%  [OK]
  RAM Usage:       60.0%  [OK]
  Disk Usage:      75.0%  [OK]
  Network:            0 pkt/s  [OK]

  Summary: 0 alert(s) - 0 warning(s), 0 critical(s)
════════════════════════════════════════════════════════════════

════════════════════════════════════════════════════════════════
  Analysis Report - 2025-12-31 11:52:06
════════════════════════════════════════════════════════════════

  CPU Usage:       50.0%  [OK]
  RAM Usage:       60.0%  [OK]
  Disk Usage:      75.0%  [OK]
  Network:            0 pkt/s  [OK]

  Summary: 0 alert(s) - 0 warning(s), 0 critical(s)
════════════════════════════════════════════════════════════════

════════════════════════════════════════════════════════════════
  Analysis Report - 2025-12-31 11:52:07
════════════════════════════════════════════════════════════════

  CPU Usage:       50.0%  [OK]
  RAM Usage:       60.0%  [OK]
  Disk Usage:      75.0%  [OK]
  Network:            0 pkt/s  [OK]

  Summary: 0 alert(s) - 0 warning(s), 0 critical(s)
════════════════════════════════════════════════════════════════

════════════════════════════════════════════════════════════════
  Analysis Report - 2025-12-31 11:52:08
════════════════════════════════════════════════════════════════

  CPU Usage:       50.0%  [OK]
  RAM Usage:       60.0%  [OK]
  Disk Usage:      75.0%  [OK]
  Network:            0 pkt/s  [OK]

  Summary: 0 alert(s) - 0 warning(s), 0 critical(s)
════════════════════════════════════════════════════════════════

════════════════════════════════════════════════════════════════
  Analysis Report - 2025-12-31 11:52:09
════════════════════════════════════════════════════════════════

  CPU Usage:       50.0%  [OK]
  RAM Usage:       60.0%  [OK]
  Disk Usage:      75.0%  [OK]
  Network:            0 pkt/s  [OK]

  Summary: 0 alert(s) - 0 warning(s), 0 critical(s)
════════════════════════════════════════════════════════════════

════════════════════════════════════════════════════════════════
  Analysis Report - 2025-12-31 11:52:11
════════════════════════════════════════════════════════════════

  CPU Usage:       50.0%  [OK]
  RAM Usage:       60.0%  [OK]
  Disk Usage:      75.0%  [OK]
  Network:            0 pkt/s  [OK]

  Summary: 0 alert(s) - 0 warning(s), 0 critical(s)
════════════════════════════════════════════════════════════════

════════════════════════════════════════════════════════════════
  Analysis Report - 2025-12-31 11:52:13
════════════════════════════════════════════════════════════════

  CPU Usage:       50.0%  [OK]
  RAM Usage:       60.0%  [OK]
  Disk Usage:      75.0%  [OK]
  Network:            0 pkt/s  [OK]

  Summary: 0 alert(s) - 0 warning(s), 0 critical(s)
════════════════════════════════════════════════════════════════

════════════════════════════════════════════════════════════════
  Analysis Report - 2025-12-31 11:52:18
════════════════════════════════════════════════════════════════

  CPU Usage:       50.0%  [OK]
  RAM Usage:       60.0%  [OK]
  Disk Usage:      75.0%  [OK]
  Network:            0 pkt/s  [OK]

  Summary: 0 alert(s) - 0 warning(s), 0 critical(s)
════════════════════════════════════════════════════════════════

════════════════════════════════════════════════════════════════
  Analysis Report - 2025-12-31 11:52:20
════════════════════════════════════════════════════════════════

  CPU Usage:       50.0%  [OK]
  RAM Usage:       60.0%  [OK]
  Disk Usage:      75.0%  [OK]
  Network:            0 pkt/s  [OK]

  Summary: 0 alert(s) - 0 warning(s), 0 critical(s)
════════════════════════════════════════════════════════════════

════════════════════════════════════════════════════════════════
  Analysis Report - 2025-12-31 11:52:25
════════════════════════════════════════════════════════════════

  CPU Usage:       50.0%  [OK]
  RAM Usage:       60.0%  [OK]
  Disk Usage:      75.0%  [OK]
  Network:            0 pkt/s  [OK]

  Summary: 0 alert(s) - 0 warning(s), 0 critical(s)
════════════════════════════════════════════════════════════════

════════════════════════════════════════════════════════════════
  Analysis Report - 2025-12-31 11:52:45
════════════════════════════════════════════════════════════════

  CPU Usage:       50.0%  [OK]
  RAM Usage:       60.0%  [OK]
  Disk Usage:      75.0%  [OK]
  Network:            0 pkt/s  [OK]

  Summary: 0 alert(s) - 0 warning(s), 0 critical(s)
════════════════════════════════════════════════════════════════

════════════════════════════════════════════════════════════════
  Analysis Report - 2025-12-31 11:52:47
════════════════════════════════════════════════════════════════

  CPU Usage:       50.0%  [OK]
  RAM Usage:       60.0%  [OK]
  Disk Usage:      75.0%  [OK]
  Network:            0 pkt/s  [OK]

  Summary: 0 alert(s) - 0 warning(s), 0 critical(s)
════════════════════════════════════════════════════════════════

════════════════════════════════════════════════════════════════
  Analysis Report - 2025-12-31 11:52:50
════════════════════════════════════════════════════════════════

  CPU Usage:       50.0%  [OK]
  RAM Usage:       60.0%  [OK]
  Disk Usage:      75.0%  [OK]
  Network:            0 pkt/s  [OK]

  Summary: 0 alert(s) - 0 warning(s), 0 critical(s)
════════════════════════════════════════════════════════════════

════════════════════════════════════════════════════════════════
  Analysis Report - 2025-12-31 11:52:52
════════════════════════════════════════════════════════════════

  CPU Usage:       50.0%  [OK]
  RAM Usage:       60.0%  [OK]
  Disk Usage:      75.0%  [OK]
  Network:            0 pkt/s  [OK]

  Summary: 0 alert(s) - 0 warning(s), 0 critical(s)
════════════════════════════════════════════════════════════════

════════════════════════════════════════════════════════════════
  Analysis Report - 2025-12-31 11:52:54
════════════════════════════════════════════════════════════════

  CPU Usage:       50.0%  [OK]
  RAM Usage:       60.0%  [OK]
  Disk Usage:      75.0%  [OK]
  Network:            0 pkt/s  [OK]

  Summary: 0 alert(s) - 0 warning(s), 0 critical(s)
════════════════════════════════════════════════════════════════

════════════════════════════════════════════════════════════════
  Analysis Report - 2025-12-31 11:52:56
════════════════════════════════════════════════════════════════

  CPU Usage:       50.0%  [OK]
  RAM Usage:       60.0%  [OK]
  Disk Usage:      75.0%  [OK]
  Network:            0 pkt/s  [OK]

  Summary: 0 alert(s) - 0 warning(s), 0 critical(s)
════════════════════════════════════════════════════════════════

════════════════════════════════════════════════════════════════
  Analysis Report - 2025-12-31 11:52:58
════════════════════════════════════════════════════════════════

  CPU Usage:       50.0%  [OK]
  RAM Usage:       60.0%  [OK]
  Disk Usage:      75.0%  [OK]
  Network:            0 pkt/s  [OK]

  Summary: 0 alert(s) - 0 warning(s), 0 critical(s)
════════════════════════════════════════════════════════════════

════════════════════════════════════════════════════════════════
  Analysis Report - 2025-12-31 11:53:00
════════════════════════════════════════════════════════════════

  CPU Usage:       50.0%  [OK]
  RAM Usage:       60.0%  [OK]
  Disk Usage:      75.0%  [OK]
  Network:            0 pkt/s  [OK]

  Summary: 0 alert(s) - 0 warning(s), 0 critical(s)
════════════════════════════════════════════════════════════════

════════════════════════════════════════════════════════════════
  Analysis Report - 2025-12-31 11:53:02
════════════════════════════════════════════════════════════════

  CPU Usage:       50.0%  [OK]
  RAM Usage:       60.0%  [OK]
  Disk Usage:      75.0%  [OK]
  Network:            0 pkt/s  [OK]

  Summary: 0 alert(s) - 0 warning(s), 0 critical(s)
════════════════════════════════════════════════════════════════

════════════════════════════════════════════════════════════════
  Analysis Report - 2025-12-31 11:53:05
════════════════════════════════════════════════════════════════

  CPU Usage:       50.0%  [OK]
  RAM Usage:       60.0%  [OK]
  Disk Usage:      75.0%  [OK]
  Network:            0 pkt/s  [OK]

  Summary: 0 alert(s) - 0 warning(s), 0 critical(s)
════════════════════════════════════════════════════════════════

════════════════════════════════════════════════════════════════
  Analysis Report - 2025-12-31 11:53:09
════════════════════════════════════════════════════════════════

  CPU Usage:       50.0%  [OK]
  RAM Usage:       60.0%  [OK]
  Disk Usage:      75.0%  [OK]
  Network:            0 pkt/s  [OK]

  Summary: 0 alert(s) - 0 warning(s), 0 critical(s)
════════════════════════════════════════════════════════════════

════════════════════════════════════════════════════════════════
  Analysis Report - 2025-12-31 11:53:12
════════════════════════════════════════════════════════════════

  CPU Usage:       50.0%  [OK]
  RAM Usage:       60.0%  [OK]
  Disk Usage:      75.0%  [OK]
  Network:            0 pkt/s  [OK]

  Summary: 0 alert(s) - 0 warning(s), 0 critical(s)
════════════════════════════════════════════════════════════════

════════════════════════════════════════════════════════════════
  Analysis Report - 2025-12-31 11:53:15
════════════════════════════════════════════════════════════════

  CPU Usage:       50.0%  [OK]
  RAM Usage:       60.0%  [OK]
  Disk Usage:      75.0%  [OK]
  Network:            0 pkt/s  [OK]

  Summary: 0 alert(s) - 0 warning(s), 0 critical(s)
════════════════════════════════════════════════════════════════

════════════════════════════════════════════════════════════════
  Analysis Report - 2025-12-31 12:03:10
════════════════════════════════════════════════════════════════

  CPU Usage:       50.0%  [OK]
  RAM Usage:       60.0%  [OK]
  Disk Usage:      75.0%  [OK]
  Network:            0 pkt/s  [OK]

  Summary: 0 alert(s) - 0 warning(s), 0 critical(s)
════════════════════════════════════════════════════════════════

════════════════════════════════════════════════════════════════
  Analysis Report - 2025-12-31 12:03:12
════════════════════════════════════════════════════════════════

  CPU Usage:       50.0%  [OK]
  RAM Usage:       60.0%  [OK]
  Disk Usage:      75.0%  [OK]
  Network:            0 pkt/s  [OK]

  Summary: 0 alert(s) - 0 warning(s), 0 critical(s)
════════════════════════════════════════════════════════════════

════════════════════════════════════════════════════════════════
  Analysis Report - 2025-12-31 12:03:14
════════════════════════════════════════════════════════════════

  CPU Usage:       50.0%  [OK]
  RAM Usage:       60.0%  [OK]
  Disk Usage:      75.0%  [OK]
  Network:            0 pkt/s  [OK]

  Summary: 0 alert(s) - 0 warning(s), 0 critical(s)
════════════════════════════════════════════════════════════════

════════════════════════════════════════════════════════════════
  Analysis Report - 2025-12-31 12:03:16
════════════════════════════════════════════════════════════════

  CPU Usage:       50.0%  [OK]
  RAM Usage:       60.0%  [OK]
  Disk Usage:      75.0%  [OK]
  Network:            0 pkt/s  [OK]

  Summary: 0 alert(s) - 0 warning(s), 0 critical(s)
════════════════════════════════════════════════════════════════

════════════════════════════════════════════════════════════════
  Analysis Report - 2025-12-31 12:03:19
════════════════════════════════════════════════════════════════

  CPU Usage:       50.0%  [OK]
  RAM Usage:       60.0%  [OK]
  Disk Usage:      75.0%  [OK]
  Network:            0 pkt/s  [OK]

  Summary: 0 alert(s) - 0 warning(s), 0 critical(s)
════════════════════════════════════════════════════════════════

════════════════════════════════════════════════════════════════
  Analysis Report - 2025-12-31 12:03:21
════════════════════════════════════════════════════════════════

  CPU Usage:       50.0%  [OK]
  RAM Usage:       60.0%  [OK]
  Disk Usage:      75.0%  [OK]
  Network:            0 pkt/s  [OK]

  Summary: 0 alert(s) - 0 warning(s), 0 critical(s)
════════════════════════════════════════════════════════════════

════════════════════════════════════════════════════════════════
  Analysis Report - 2025-12-31 12:03:23
════════════════════════════════════════════════════════════════

  CPU Usage:       50.0%  [OK]
  RAM Usage:       60.0%  [OK]
  Disk Usage:      75.0%  [OK]
  Network:            0 pkt/s  [OK]

  Summary: 0 alert(s) - 0 warning(s), 0 critical(s)
════════════════════════════════════════════════════════════════

════════════════════════════════════════════════════════════════
  Analysis Report - 2025-12-31 12:03:25
════════════════════════════════════════════════════════════════

  CPU Usage:       50.0%  [OK]
  RAM Usage:       60.0%  [OK]
  Disk Usage:      75.0%  [OK]
  Network:            0 pkt/s  [OK]

  Summary: 0 alert(s) - 0 warning(s), 0 critical(s)
════════════════════════════════════════════════════════════════

════════════════════════════════════════════════════════════════
  Analysis Report - 2025-12-31 12:03:27
════════════════════════════════════════════════════════════════

  CPU Usage:       50.0%  [OK]
  RAM Usage:       60.0%  [OK]
  Disk Usage:      75.0%  [OK]
  Network:            0 pkt/s  [OK]

  Summary: 0 alert(s) - 0 warning(s), 0 critical(s)
════════════════════════════════════════════════════════════════

════════════════════════════════════════════════════════════════
  Analysis Report - 2025-12-31 12:03:29
════════════════════════════════════════════════════════════════

  CPU Usage:       50.0%  [OK]
  RAM Usage:       60.0%  [OK]
  Disk Usage:      75.0%  [OK]
  Network:            0 pkt/s  [OK]

  Summary: 0 alert(s) - 0 warning(s), 0 critical(s)
════════════════════════════════════════════════════════════════

════════════════════════════════════════════════════════════════
  Analysis Report - 2025-12-31 12:03:31
════════════════════════════════════════════════════════════════

  CPU Usage:       50.0%  [OK]
  RAM Usage:       60.0%  [OK]
  Disk Usage:      75.0%  [OK]
  Network:            0 pkt/s  [OK]

  Summary: 0 alert(s) - 0 warning(s), 0 critical(s)
════════════════════════════════════════════════════════════════

════════════════════════════════════════════════════════════════
  Analysis Report - 2025-12-31 12:03:33
════════════════════════════════════════════════════════════════

  CPU Usage:       50.0%  [OK]
  RAM Usage:       60.0%  [OK]
  Disk Usage:      75.0%  [OK]
  Network:            0 pkt/s  [OK]

  Summary: 0 alert(s) - 0 warning(s), 0 critical(s)
════════════════════════════════════════════════════════════════

════════════════════════════════════════════════════════════════
  Analysis Report - 2025-12-31 12:03:35
════════════════════════════════════════════════════════════════

  CPU Usage:       50.0%  [OK]
  RAM Usage:       60.0%  [OK]
  Disk Usage:      75.0%  [OK]
  Network:            0 pkt/s  [OK]

  Summary: 0 alert(s) - 0 warning(s), 0 critical(s)
════════════════════════════════════════════════════════════════
